// Jest Snapshot v1, https://goo.gl/fbAQLP

exports[`Basic functionality 1`] = `
"
blee { 
  color: yellow
}
"
`;
